###############################################################################
#
# IAR C/C++ Compiler V10.10.1.4655 for 8051               26/Mar/2023  16:31:31
# Copyright 2004-2017 IAR Systems AB.
# Standalone license - IAR Embedded Workbench for 8051
#
#    Core               =  plain
#    Code model         =  banked
#    Data model         =  large
#    Calling convention =  xdata reentrant
#    Constant location  =  data_rom
#    Dptr setup         =  1,16
#                          
#    Source file        =  
#        D:\桌面\《ZigBee3.0开发指南》配套资源（附加部分）\课外篇：项目实战\基于Zigbee的温湿度
#        &
#        光照度采集系统\ZigBee设备端固件与源码\源码\Applications\zcl_router_data.c
#    Command line       =  
#        -f C:\Users\11148\AppData\Local\Temp\EWDEC1.tmp
#        ("D:\桌面\《ZigBee3.0开发指南》配套资源（附加部分）\课外篇：项目实战\基于Zigbee的温湿度
#        &
#        光照度采集系统\ZigBee设备端固件与源码\源码\Applications\zcl_router_data.c"
#        -D SECURE=1 -D TC_LINKKEY_JOIN -D NV_INIT -D NV_RESTORE -D xZTOOL_P1
#        -D xMT_TASK -D xMT_APP_FUNC -D xMT_SYS_FUNC -D xMT_ZDO_FUNC -D
#        xMT_ZDO_MGMT -D xMT_APP_CNF_FUNC -D LCD_SUPPORTED=DEBUG -D
#        MULTICAST_ENABLED=FALSE -D ZCL_READ -D ZCL_DISCOVER -D ZCL_WRITE -D
#        ZCL_BASIC -D ZCL_IDENTIFY -D ZCL_ON_OFF -D ZCL_GROUPS -D
#        ZCL_LEVEL_CTRL -D HAL_KEY=FALSE -D xISR_KEYINTERRUPT -D HAL_UART=TRUE
#        -D INT_HEAP_LEN=2048 -D HAL_LCD=TRUE -D HAL_LCD_OLED12864=TRUE -D
#        HAL_ADC=TRUE -D HAL_DHT11=TRUE -lC
#        "D:\桌面\《ZigBee3.0开发指南》配套资源（附加部分）\课外篇：项目实战\基于Zigbee的温湿度
#        &
#        光照度采集系统\ZigBee设备端固件与源码\源码\Projects\CC2530\Category\Router\List"
#        -lA
#        "D:\桌面\《ZigBee3.0开发指南》配套资源（附加部分）\课外篇：项目实战\基于Zigbee的温湿度
#        &
#        光照度采集系统\ZigBee设备端固件与源码\源码\Projects\CC2530\Category\Router\List"
#        --diag_suppress Pe001,Pa010 -o
#        "D:\桌面\《ZigBee3.0开发指南》配套资源（附加部分）\课外篇：项目实战\基于Zigbee的温湿度
#        &
#        光照度采集系统\ZigBee设备端固件与源码\源码\Projects\CC2530\Category\Router\Obj"
#        -e --debug --core=plain --dptr=16,1 --data_model=large
#        --code_model=banked --calling_convention=xdata_reentrant
#        --place_constants=data_rom --nr_virtual_regs 16 -f
#        "D:\桌面\《ZigBee3.0开发指南》配套资源（附加部分）\课外篇：项目实战\基于Zigbee的温湿度
#        &
#        光照度采集系统\ZigBee设备端固件与源码\源码\Projects\CC2530\Tools\f8wRouter.cfg"
#        (-DCPU32MHZ -DROOT=__near_func -DMAC_CFG_APP_PENDING_QUEUE=TRUE
#        -DMAC_CFG_TX_DATA_MAX=5 -DMAC_CFG_TX_MAX=8 -DMAC_CFG_RX_MAX=5
#        -DRTR_NWK) -f
#        "D:\桌面\《ZigBee3.0开发指南》配套资源（附加部分）\课外篇：项目实战\基于Zigbee的温湿度
#        &
#        光照度采集系统\ZigBee设备端固件与源码\源码\Projects\CC2530\Tools\f8wConfig.cfg"
#        (-DZIGBEEPRO -DSECURE=1 -DZG_SECURE_DYNAMIC=0 -DREFLECTOR
#        -DDEFAULT_CHANLIST=0x00000800 -DZDAPP_CONFIG_PAN_ID=0x0402
#        -DNWK_START_DELAY=100 -DEXTENDED_JOINING_RANDOM_MASK=0x007F
#        -DBEACON_REQUEST_DELAY=100 -DBEACON_REQ_DELAY_MASK=0x00FF
#        -DLINK_STATUS_JITTER_MASK=0x007F -DROUTE_EXPIRY_TIME=30
#        -DAPSC_ACK_WAIT_DURATION_POLLED=3000 -DNWK_INDIRECT_MSG_TIMEOUT=7
#        -DMAX_RREQ_ENTRIES=8 -DAPSC_MAX_FRAME_RETRIES=3
#        -DNWK_MAX_DATA_RETRIES=2 -DMAX_POLL_FAILURE_RETRIES=2 -DMAX_BCAST=9
#        -DAPS_MAX_GROUPS=16 -DMAX_RTG_ENTRIES=40 -DNWK_MAX_BINDING_ENTRIES=4
#        -DMAX_BINDING_CLUSTER_IDS=4 "-DDEFAULT_KEY={0x5a, 0x69, 0x67, 0x42,
#        0x65,0x65, 0x41, 0x6c, 0x6c, 0x69, 0x61, 0x6e, 0x63, 0x65, 0x30,
#        0x39}" -DMAC_MAX_FRAME_SIZE=116 -DZDNWKMGR_MIN_TRANSMISSIONS=20
#        "-DCONST=const __code" -DGENERIC=__generic -DRFD_RCVC_ALWAYS_ON=FALSE
#        -DPOLL_RATE=1000 -DQUEUED_POLL_RATE=100 -DRESPONSE_POLL_RATE=100
#        -DREJOIN_POLL_RATE=440 -DREJOIN_BACKOFF=900000 -DREJOIN_SCAN=900000
#        -DENABLE_LED4_DISABLE_S1) -f
#        "D:\桌面\《ZigBee3.0开发指南》配套资源（附加部分）\课外篇：项目实战\基于Zigbee的温湿度
#        &
#        光照度采集系统\ZigBee设备端固件与源码\源码\Projects\CC2530\Tools\f8wZCL.cfg"
#        -I
#        "D:\桌面\《ZigBee3.0开发指南》配套资源（附加部分）\课外篇：项目实战\基于Zigbee的温湿度
#        & 光照度采集系统\ZigBee设备端固件与源码\源码\Projects\CC2530\" -I
#        "D:\桌面\《ZigBee3.0开发指南》配套资源（附加部分）\课外篇：项目实战\基于Zigbee的温湿度
#        &
#        光照度采集系统\ZigBee设备端固件与源码\源码\Projects\CC2530\..\..\Components\hal\include\"
#        -I
#        "D:\桌面\《ZigBee3.0开发指南》配套资源（附加部分）\课外篇：项目实战\基于Zigbee的温湿度
#        &
#        光照度采集系统\ZigBee设备端固件与源码\源码\Projects\CC2530\..\..\Components\hal\target\CC2530EB\"
#        -I
#        "D:\桌面\《ZigBee3.0开发指南》配套资源（附加部分）\课外篇：项目实战\基于Zigbee的温湿度
#        &
#        光照度采集系统\ZigBee设备端固件与源码\源码\Projects\CC2530\..\..\Components\hal\userspace\"
#        -I
#        "D:\桌面\《ZigBee3.0开发指南》配套资源（附加部分）\课外篇：项目实战\基于Zigbee的温湿度
#        &
#        光照度采集系统\ZigBee设备端固件与源码\源码\Projects\CC2530\..\..\Components\mac\include\"
#        -I
#        "D:\桌面\《ZigBee3.0开发指南》配套资源（附加部分）\课外篇：项目实战\基于Zigbee的温湿度
#        &
#        光照度采集系统\ZigBee设备端固件与源码\源码\Projects\CC2530\..\..\Components\mac\high_level\"
#        -I
#        "D:\桌面\《ZigBee3.0开发指南》配套资源（附加部分）\课外篇：项目实战\基于Zigbee的温湿度
#        &
#        光照度采集系统\ZigBee设备端固件与源码\源码\Projects\CC2530\..\..\Components\mac\low_level\srf04\"
#        -I
#        "D:\桌面\《ZigBee3.0开发指南》配套资源（附加部分）\课外篇：项目实战\基于Zigbee的温湿度
#        &
#        光照度采集系统\ZigBee设备端固件与源码\源码\Projects\CC2530\..\..\Components\mac\low_level\srf04\single_chip\"
#        -I
#        "D:\桌面\《ZigBee3.0开发指南》配套资源（附加部分）\课外篇：项目实战\基于Zigbee的温湿度
#        &
#        光照度采集系统\ZigBee设备端固件与源码\源码\Projects\CC2530\..\..\Components\mt\"
#        -I
#        "D:\桌面\《ZigBee3.0开发指南》配套资源（附加部分）\课外篇：项目实战\基于Zigbee的温湿度
#        &
#        光照度采集系统\ZigBee设备端固件与源码\源码\Projects\CC2530\..\..\Components\osal\include\"
#        -I
#        "D:\桌面\《ZigBee3.0开发指南》配套资源（附加部分）\课外篇：项目实战\基于Zigbee的温湿度
#        &
#        光照度采集系统\ZigBee设备端固件与源码\源码\Projects\CC2530\..\..\Components\services\saddr\"
#        -I
#        "D:\桌面\《ZigBee3.0开发指南》配套资源（附加部分）\课外篇：项目实战\基于Zigbee的温湿度
#        &
#        光照度采集系统\ZigBee设备端固件与源码\源码\Projects\CC2530\..\..\Components\services\sdata\"
#        -I
#        "D:\桌面\《ZigBee3.0开发指南》配套资源（附加部分）\课外篇：项目实战\基于Zigbee的温湿度
#        &
#        光照度采集系统\ZigBee设备端固件与源码\源码\Projects\CC2530\..\..\Components\stack\af\"
#        -I
#        "D:\桌面\《ZigBee3.0开发指南》配套资源（附加部分）\课外篇：项目实战\基于Zigbee的温湿度
#        &
#        光照度采集系统\ZigBee设备端固件与源码\源码\Projects\CC2530\..\..\Components\stack\bdb\"
#        -I
#        "D:\桌面\《ZigBee3.0开发指南》配套资源（附加部分）\课外篇：项目实战\基于Zigbee的温湿度
#        &
#        光照度采集系统\ZigBee设备端固件与源码\源码\Projects\CC2530\..\..\Components\stack\gp\"
#        -I
#        "D:\桌面\《ZigBee3.0开发指南》配套资源（附加部分）\课外篇：项目实战\基于Zigbee的温湿度
#        &
#        光照度采集系统\ZigBee设备端固件与源码\源码\Projects\CC2530\..\..\Components\stack\nwk\"
#        -I
#        "D:\桌面\《ZigBee3.0开发指南》配套资源（附加部分）\课外篇：项目实战\基于Zigbee的温湿度
#        &
#        光照度采集系统\ZigBee设备端固件与源码\源码\Projects\CC2530\..\..\Components\stack\sapi\"
#        -I
#        "D:\桌面\《ZigBee3.0开发指南》配套资源（附加部分）\课外篇：项目实战\基于Zigbee的温湿度
#        &
#        光照度采集系统\ZigBee设备端固件与源码\源码\Projects\CC2530\..\..\Components\stack\sec\"
#        -I
#        "D:\桌面\《ZigBee3.0开发指南》配套资源（附加部分）\课外篇：项目实战\基于Zigbee的温湿度
#        &
#        光照度采集系统\ZigBee设备端固件与源码\源码\Projects\CC2530\..\..\Components\stack\sys\"
#        -I
#        "D:\桌面\《ZigBee3.0开发指南》配套资源（附加部分）\课外篇：项目实战\基于Zigbee的温湿度
#        &
#        光照度采集系统\ZigBee设备端固件与源码\源码\Projects\CC2530\..\..\Components\stack\zcl\"
#        -I
#        "D:\桌面\《ZigBee3.0开发指南》配套资源（附加部分）\课外篇：项目实战\基于Zigbee的温湿度
#        &
#        光照度采集系统\ZigBee设备端固件与源码\源码\Projects\CC2530\..\..\Components\stack\zdo\"
#        -I
#        "D:\桌面\《ZigBee3.0开发指南》配套资源（附加部分）\课外篇：项目实战\基于Zigbee的温湿度
#        &
#        光照度采集系统\ZigBee设备端固件与源码\源码\Projects\CC2530\..\..\Components\zmac\"
#        -I
#        "D:\桌面\《ZigBee3.0开发指南》配套资源（附加部分）\课外篇：项目实战\基于Zigbee的温湿度
#        &
#        光照度采集系统\ZigBee设备端固件与源码\源码\Projects\CC2530\..\..\Components\zmac\f8w\"
#        -I
#        "D:\桌面\《ZigBee3.0开发指南》配套资源（附加部分）\课外篇：项目实战\基于Zigbee的温湿度
#        &
#        光照度采集系统\ZigBee设备端固件与源码\源码\Projects\CC2530\..\..\Applications\"
#        -Ohz --require_prototypes)
#    Locale             =  Chinese (Simplified)_China.936
#    List file          =  
#        D:\桌面\《ZigBee3.0开发指南》配套资源（附加部分）\课外篇：项目实战\基于Zigbee的温湿度
#        &
#        光照度采集系统\ZigBee设备端固件与源码\源码\Projects\CC2530\Category\Router\List\zcl_router_data.lst
#    Object file        =  
#        D:\桌面\《ZigBee3.0开发指南》配套资源（附加部分）\课外篇：项目实战\基于Zigbee的温湿度
#        &
#        光照度采集系统\ZigBee设备端固件与源码\源码\Projects\CC2530\Category\Router\Obj\zcl_router_data.r51
#
###############################################################################

D:\桌面\《ZigBee3.0开发指南》配套资源（附加部分）\课外篇：项目实战\基于Zigbee的温湿度 & 光照度采集系统\ZigBee设备端固件与源码\源码\Applications\zcl_router_data.c
      1          #include "zcl_general.h"
      2          #include "zcl_ha.h"
      3          
      4          #include "zcl_router.h"
      5          
      6          #include "zb_common.h"
      7          
      8          /* currently all cluster implementations are according to ZCL6, 
      9             which has revision #1. In the future it is possible that different 
     10             clusters will have different revisions, so they will have to use
     11             separate attribute variables. */

   \                                 In  segment XDATA_ROM_C, align 1
     12          const uint16 cluster_revision_all = 0x0001;
   \                     cluster_revision_all:
   \   000000   0100         DW 1
     13          
     14          /* Clusters for the private endpoint. */

   \                                 In  segment XDATA_ROM_C, align 1
     15          const cId_t zcl_router_private_clusters[] = {
   \                     zcl_router_private_clusters:
   \   000000   0000         DW 0
   \   000002   0100         DW 1
   \   000004   0200         DW 2
     16              PRIV_CID_MESSAGE,
     17              PRIV_CID_SETON,
     18              PRIV_CID_SETOFF,
     19          };
     20          #define ZCLROUTER_MAX_OUTCLUSTERS_PRIV   (sizeof(zcl_router_private_clusters) / sizeof(zcl_router_private_clusters[0]))
     21          
     22          /* Private simple description. */

   \                                 In  segment XDATA_I, align 1, keep-with-next
     23          SimpleDescriptionFormat_t simpledesc_priv =
   \                     simpledesc_priv:
   \   000000                DS 12
   \   00000C                REQUIRE `?<Initializer for simpledesc_priv>`
   \   00000C                REQUIRE __INIT_XDATA_I
     24          {
     25            ENDPOINT_PRIVATE,
     26            ZCL_HA_PROFILE_ID,
     27            ZCL_HA_DEVICEID_TEST_DEVICE,
     28            0,
     29            0,
     30            ZCLROUTER_MAX_OUTCLUSTERS_PRIV,
     31            (cId_t *)zcl_router_private_clusters,
     32            ZCLROUTER_MAX_OUTCLUSTERS_PRIV,
     33            (cId_t *)zcl_router_private_clusters,
     34          };
     35          

   \                                 In  segment XDATA_I, align 1, keep-with-next
     36          endPointDesc_t endpoint_desc_priv = {
   \                     endpoint_desc_priv:
   \   000000                DS 7
   \   000007                REQUIRE `?<Initializer for endpoint_desc_priv>`
   \   000007                REQUIRE __INIT_XDATA_I

   \                                 In  segment XDATA_ID, align 1, keep-with-next
   \                     `?<Initializer for simpledesc_priv>`:
   \   000000   78           DB 120
   \   000001   0401         DW 260
   \   000003   FF00         DW 255
   \   000005   00           DB 0
   \   000006   03           DB 3
   \   000007   ....         DW zcl_router_private_clusters
   \   000009   03           DB 3
   \   00000A   ....         DW zcl_router_private_clusters

   \                                 In  segment XDATA_ID, align 1, keep-with-next
   \                     `?<Initializer for endpoint_desc_priv>`:
   \   000000   78           DB 120
   \   000001   00           DB 0
   \   000002   0000         DW 0H
   \   000004   ....         DW simpledesc_priv
   \   000006   00           DB 0
     37            .endPoint = ENDPOINT_PRIVATE,
     38            .simpleDesc = &simpledesc_priv,
     39            .latencyReq = (afNetworkLatencyReq_t)0,
     40          };


   Segment part sizes:

   Bytes  Function/Label
   -----  --------------
       7  ?<Initializer for endpoint_desc_priv>
      12  ?<Initializer for simpledesc_priv>
       2  cluster_revision_all
       7  endpoint_desc_priv
      12  simpledesc_priv
       6  zcl_router_private_clusters

 
 19 bytes in segment XDATA_I
 19 bytes in segment XDATA_ID
  8 bytes in segment XDATA_ROM_C
 
 19 bytes of CODE  memory
  8 bytes of CONST memory
 19 bytes of XDATA memory

Errors: none
Warnings: none
